// Jest Snapshot v1, https://goo.gl/fbAQLP

exports[`renders img 1`] = `
<Fragment>
  <div
    className="status"
  />
  <h2>
    This is round 
    1
  </h2>
  <img
    src="http://localhost:5000/8e85e82e854.gif"
  />
  <textarea
    autofocus="true"
    onChange={[Function]}
    value=""
  />
</Fragment>
`;

exports[`renders renders a text area 1`] = `
<Fragment>
  <div
    className="status"
  />
  <h2>
    This is round 
    1
  </h2>
  <img
    src="http://localhost:5000/8e85e82e854.gif"
  />
  <textarea
    autofocus="true"
    onChange={[Function]}
    value=""
  />
</Fragment>
`;

exports[`renders round one message 1`] = `
<Fragment>
  <div
    className="status"
  />
  <h2>
    This is round 
    1
  </h2>
  <img
    src="http://localhost:5000/8e85e82e854.gif"
  />
  <textarea
    autofocus="true"
    onChange={[Function]}
    value=""
  />
</Fragment>
`;
