// Jest Snapshot v1, https://goo.gl/fbAQLP

exports[`renders img 1`] = `
<Fragment>
  <div
    className="status"
  />
  <h2>
    This is round 
    1
  </h2>
  <p>
    Guess who the werewolf is in this GIF
    <br />
    (besides Michael and Selena)
  </p>
  <div>
    10 sec left
  </div>
  <img
    src="http://localhost:5000/8e85e82e854.gif"
  />
  <textarea
    autoFocus={true}
    className="werewolf-guess"
    disabled={false}
    onChange={[Function]}
    placeholder="Enter the werewolf's name"
    value=""
  />
  <span>
    NEXT
  </span>
</Fragment>
`;

exports[`renders renders a text area 1`] = `
<Fragment>
  <div
    className="status"
  />
  <h2>
    This is round 
    1
  </h2>
  <p>
    Guess who the werewolf is in this GIF
    <br />
    (besides Michael and Selena)
  </p>
  <div>
    10 sec left
  </div>
  <img
    src="http://localhost:5000/8e85e82e854.gif"
  />
  <textarea
    autoFocus={true}
    className="werewolf-guess"
    disabled={false}
    onChange={[Function]}
    placeholder="Enter the werewolf's name"
    value=""
  />
  <span>
    NEXT
  </span>
</Fragment>
`;

exports[`renders round one message 1`] = `
<Fragment>
  <div
    className="status"
  />
  <h2>
    This is round 
    1
  </h2>
  <p>
    Guess who the werewolf is in this GIF
    <br />
    (besides Michael and Selena)
  </p>
  <div>
    10 sec left
  </div>
  <img
    src="http://localhost:5000/8e85e82e854.gif"
  />
  <textarea
    autoFocus={true}
    className="werewolf-guess"
    disabled={false}
    onChange={[Function]}
    placeholder="Enter the werewolf's name"
    value=""
  />
  <span>
    NEXT
  </span>
</Fragment>
`;
